// Jest Snapshot v1, https://goo.gl/fbAQLP

exports[`Questions Test onClick element 1`] = `
Object {
  "asFragment": [Function],
  "baseElement": <body>
    <div>
      <ul
        class="sc-bcXHqe jxQawA"
        data-testid="questions-test"
      >
        <ul
          class="sc-gswNZR cpBOMx"
        >
          <li
            data-testid="questions-item-test"
          >
            <img
              alt="user"
            />
            <p>
              Created by
               
              <span>
                Sarah Edo
              </span>
            </p>
            <span
              class="time"
            >
              06/28/2016 11:21 PM
            </span>
          </li>
        </ul>
      </ul>
    </div>
  </body>,
  "container": <div>
    <ul
      class="sc-bcXHqe jxQawA"
      data-testid="questions-test"
    >
      <ul
        class="sc-gswNZR cpBOMx"
      >
        <li
          data-testid="questions-item-test"
        >
          <img
            alt="user"
          />
          <p>
            Created by
             
            <span>
              Sarah Edo
            </span>
          </p>
          <span
            class="time"
          >
            06/28/2016 11:21 PM
          </span>
        </li>
      </ul>
    </ul>
  </div>,
  "debug": [Function],
  "findAllByAltText": [Function],
  "findAllByDisplayValue": [Function],
  "findAllByLabelText": [Function],
  "findAllByPlaceholderText": [Function],
  "findAllByRole": [Function],
  "findAllByTestId": [Function],
  "findAllByText": [Function],
  "findAllByTitle": [Function],
  "findByAltText": [Function],
  "findByDisplayValue": [Function],
  "findByLabelText": [Function],
  "findByPlaceholderText": [Function],
  "findByRole": [Function],
  "findByTestId": [Function],
  "findByText": [Function],
  "findByTitle": [Function],
  "getAllByAltText": [Function],
  "getAllByDisplayValue": [Function],
  "getAllByLabelText": [Function],
  "getAllByPlaceholderText": [Function],
  "getAllByRole": [Function],
  "getAllByTestId": [Function],
  "getAllByText": [Function],
  "getAllByTitle": [Function],
  "getByAltText": [Function],
  "getByDisplayValue": [Function],
  "getByLabelText": [Function],
  "getByPlaceholderText": [Function],
  "getByRole": [Function],
  "getByTestId": [Function],
  "getByText": [Function],
  "getByTitle": [Function],
  "queryAllByAltText": [Function],
  "queryAllByDisplayValue": [Function],
  "queryAllByLabelText": [Function],
  "queryAllByPlaceholderText": [Function],
  "queryAllByRole": [Function],
  "queryAllByTestId": [Function],
  "queryAllByText": [Function],
  "queryAllByTitle": [Function],
  "queryByAltText": [Function],
  "queryByDisplayValue": [Function],
  "queryByLabelText": [Function],
  "queryByPlaceholderText": [Function],
  "queryByRole": [Function],
  "queryByTestId": [Function],
  "queryByText": [Function],
  "queryByTitle": [Function],
  "rerender": [Function],
  "unmount": [Function],
}
`;

exports[`Questions Test render infos on screen 1`] = `
Object {
  "asFragment": [Function],
  "baseElement": <body>
    <div>
      <ul
        class="sc-bcXHqe jxQawA"
        data-testid="questions-test"
      >
        <ul
          class="sc-gswNZR cpBOMx"
        >
          <li
            data-testid="questions-item-test"
          >
            <img
              alt="user"
            />
            <p>
              Created by
               
              <span>
                Sarah Edo
              </span>
            </p>
            <span
              class="time"
            >
              06/28/2016 11:21 PM
            </span>
          </li>
        </ul>
      </ul>
    </div>
  </body>,
  "container": <div>
    <ul
      class="sc-bcXHqe jxQawA"
      data-testid="questions-test"
    >
      <ul
        class="sc-gswNZR cpBOMx"
      >
        <li
          data-testid="questions-item-test"
        >
          <img
            alt="user"
          />
          <p>
            Created by
             
            <span>
              Sarah Edo
            </span>
          </p>
          <span
            class="time"
          >
            06/28/2016 11:21 PM
          </span>
        </li>
      </ul>
    </ul>
  </div>,
  "debug": [Function],
  "findAllByAltText": [Function],
  "findAllByDisplayValue": [Function],
  "findAllByLabelText": [Function],
  "findAllByPlaceholderText": [Function],
  "findAllByRole": [Function],
  "findAllByTestId": [Function],
  "findAllByText": [Function],
  "findAllByTitle": [Function],
  "findByAltText": [Function],
  "findByDisplayValue": [Function],
  "findByLabelText": [Function],
  "findByPlaceholderText": [Function],
  "findByRole": [Function],
  "findByTestId": [Function],
  "findByText": [Function],
  "findByTitle": [Function],
  "getAllByAltText": [Function],
  "getAllByDisplayValue": [Function],
  "getAllByLabelText": [Function],
  "getAllByPlaceholderText": [Function],
  "getAllByRole": [Function],
  "getAllByTestId": [Function],
  "getAllByText": [Function],
  "getAllByTitle": [Function],
  "getByAltText": [Function],
  "getByDisplayValue": [Function],
  "getByLabelText": [Function],
  "getByPlaceholderText": [Function],
  "getByRole": [Function],
  "getByTestId": [Function],
  "getByText": [Function],
  "getByTitle": [Function],
  "queryAllByAltText": [Function],
  "queryAllByDisplayValue": [Function],
  "queryAllByLabelText": [Function],
  "queryAllByPlaceholderText": [Function],
  "queryAllByRole": [Function],
  "queryAllByTestId": [Function],
  "queryAllByText": [Function],
  "queryAllByTitle": [Function],
  "queryByAltText": [Function],
  "queryByDisplayValue": [Function],
  "queryByLabelText": [Function],
  "queryByPlaceholderText": [Function],
  "queryByRole": [Function],
  "queryByTestId": [Function],
  "queryByText": [Function],
  "queryByTitle": [Function],
  "rerender": [Function],
  "unmount": [Function],
}
`;

exports[`Questions Testing render on screen 1`] = `
Object {
  "asFragment": [Function],
  "baseElement": <body>
    <div>
      <ul
        class="sc-bcXHqe jxQawA"
        data-testid="questions-test"
      >
        <ul
          class="sc-gswNZR cpBOMx"
        >
          <li
            data-testid="questions-item-test"
          >
            <img
              alt="user"
            />
            <p>
              Created by
               
              <span>
                Sarah Edo
              </span>
            </p>
            <span
              class="time"
            >
              06/28/2016 11:21 PM
            </span>
          </li>
        </ul>
      </ul>
    </div>
  </body>,
  "container": <div>
    <ul
      class="sc-bcXHqe jxQawA"
      data-testid="questions-test"
    >
      <ul
        class="sc-gswNZR cpBOMx"
      >
        <li
          data-testid="questions-item-test"
        >
          <img
            alt="user"
          />
          <p>
            Created by
             
            <span>
              Sarah Edo
            </span>
          </p>
          <span
            class="time"
          >
            06/28/2016 11:21 PM
          </span>
        </li>
      </ul>
    </ul>
  </div>,
  "debug": [Function],
  "findAllByAltText": [Function],
  "findAllByDisplayValue": [Function],
  "findAllByLabelText": [Function],
  "findAllByPlaceholderText": [Function],
  "findAllByRole": [Function],
  "findAllByTestId": [Function],
  "findAllByText": [Function],
  "findAllByTitle": [Function],
  "findByAltText": [Function],
  "findByDisplayValue": [Function],
  "findByLabelText": [Function],
  "findByPlaceholderText": [Function],
  "findByRole": [Function],
  "findByTestId": [Function],
  "findByText": [Function],
  "findByTitle": [Function],
  "getAllByAltText": [Function],
  "getAllByDisplayValue": [Function],
  "getAllByLabelText": [Function],
  "getAllByPlaceholderText": [Function],
  "getAllByRole": [Function],
  "getAllByTestId": [Function],
  "getAllByText": [Function],
  "getAllByTitle": [Function],
  "getByAltText": [Function],
  "getByDisplayValue": [Function],
  "getByLabelText": [Function],
  "getByPlaceholderText": [Function],
  "getByRole": [Function],
  "getByTestId": [Function],
  "getByText": [Function],
  "getByTitle": [Function],
  "queryAllByAltText": [Function],
  "queryAllByDisplayValue": [Function],
  "queryAllByLabelText": [Function],
  "queryAllByPlaceholderText": [Function],
  "queryAllByRole": [Function],
  "queryAllByTestId": [Function],
  "queryAllByText": [Function],
  "queryAllByTitle": [Function],
  "queryByAltText": [Function],
  "queryByDisplayValue": [Function],
  "queryByLabelText": [Function],
  "queryByPlaceholderText": [Function],
  "queryByRole": [Function],
  "queryByTestId": [Function],
  "queryByText": [Function],
  "queryByTitle": [Function],
  "rerender": [Function],
  "unmount": [Function],
}
`;
